// Jest Snapshot v1, https://goo.gl/fbAQLP

exports[`shopping cart component should open modal when click cart button 1`] = `
<body
  style="padding-right: 1024px; overflow: hidden;"
>
  <div
    aria-hidden="true"
  >
    <button
      class="MuiButton-root MuiButton-contained MuiButton-containedPrimary MuiButton-sizeMedium MuiButton-containedSizeMedium MuiButtonBase-root  css-sghohy-MuiButtonBase-root-MuiButton-root"
      tabindex="0"
      type="button"
    >
      Cart
      <span
        class="MuiTouchRipple-root css-8je8zh-MuiTouchRipple-root"
      />
    </button>
  </div>
  <div
    class="MuiModal-root MuiDialog-root css-6asfur-MuiModal-root-MuiDialog-root"
    role="presentation"
  >
    <div
      aria-hidden="true"
      class="MuiBackdrop-root css-yiavyu-MuiBackdrop-root-MuiDialog-backdrop"
      style="opacity: 1; webkit-transition: opacity 225ms cubic-bezier(0.4, 0, 0.2, 1) 0ms; transition: opacity 225ms cubic-bezier(0.4, 0, 0.2, 1) 0ms;"
    />
    <div
      data-test="sentinelStart"
      tabindex="0"
    />
    <div
      class="MuiDialog-container MuiDialog-scrollPaper css-hz1bth-MuiDialog-container"
      role="presentation"
      style="webkit-transform: none; transform: none; webkit-transition: -webkit-transform 450ms cubic-bezier(0.0, 0, 0.2, 1) 0ms; transition: transform 450ms cubic-bezier(0.0, 0, 0.2, 1) 0ms;"
      tabindex="-1"
    >
      <div
        aria-labelledby="mui-428698438"
        class="MuiPaper-root MuiPaper-elevation MuiPaper-rounded MuiPaper-elevation24 MuiDialog-paper MuiDialog-paperScrollPaper MuiDialog-paperWidthSm css-1t1j96h-MuiPaper-root-MuiDialog-paper"
        role="dialog"
      >
        <div
          class="MuiGrid-root MuiGrid-container MuiGrid-spacing-xs-undefined css-11lq3yg-MuiGrid-root"
        >
          <div
            class="MuiGrid-root MuiGrid-item MuiGrid-grid-xs-8 css-1gesvnc-MuiGrid-root"
          >
            <h6
              class="MuiTypography-root MuiTypography-h6 css-2ulfj5-MuiTypography-root"
            >
              Shopping cart
            </h6>
            <hr
              class="MuiDivider-root MuiDivider-fullWidth css-8l4389-MuiDivider-root"
            />
          </div>
          <div
            class="MuiGrid-root MuiGrid-item MuiGrid-grid-xs-4 css-ul9tu0-MuiGrid-root"
          >
            <h6
              class="MuiTypography-root MuiTypography-subtitle1 css-1isisa7-MuiTypography-root"
            >
              summary 
              0
               items
            </h6>
            <div
              class="MuiGrid-root MuiGrid-container MuiGrid-spacing-xs-undefined css-11lq3yg-MuiGrid-root"
            >
              <div
                class="MuiGrid-root MuiGrid-item MuiGrid-grid-xs-1 css-1fdpgu7-MuiGrid-root"
              >
                <h5
                  class="MuiTypography-root MuiTypography-h5 css-bezmlo-MuiTypography-root"
                >
                  Total
                </h5>
              </div>
              <div
                class="MuiGrid-root MuiGrid-item MuiGrid-grid-xs-9 css-l4g9cp-MuiGrid-root"
              />
              <div
                class="MuiGrid-root MuiGrid-item MuiGrid-grid-xs-2 css-a0vo9r-MuiGrid-root"
              >
                <h5
                  class="MuiTypography-root MuiTypography-h5 css-bezmlo-MuiTypography-root"
                />
              </div>
            </div>
          </div>
        </div>
      </div>
    </div>
    <div
      data-test="sentinelEnd"
      tabindex="0"
    />
  </div>
</body>
`;
